[INFO] Scanning for projects...
[INFO] 
[INFO] -----------------------< com.irctc:food-service >-----------------------
[INFO] Building IRCTC Food Ordering Service 1.0.0
[INFO]   from pom.xml
[INFO] --------------------------------[ jar ]---------------------------------
[INFO] 
[INFO] --- clean:3.2.0:clean (default-clean) @ food-service ---
[INFO] Deleting C:\Users\91960\OneDrive\Desktop\project\customer_vendor\food_ordering-1\target
[INFO] 
[INFO] --- resources:3.3.1:resources (default-resources) @ food-service ---
[INFO] Copying 3 resources from src\main\resources to target\classes
[INFO] Copying 0 resource from src\main\resources to target\classes
[INFO] 
[INFO] --- compiler:3.10.1:compile (default-compile) @ food-service ---
[INFO] Changes detected - recompiling the module!
[INFO] Compiling 140 source files to C:\Users\91960\OneDrive\Desktop\project\customer_vendor\food_ordering-1\target\classes
[INFO] ------------------------------------------------------------------------
[INFO] BUILD SUCCESS
[INFO] ------------------------------------------------------------------------
[INFO] Total time:  14.396 s
[INFO] Finished at: 2026-01-30T17:20:19+05:30
[INFO] ------------------------------------------------------------------------
